     1                                  section .text use32 class=CODE
     2                                  
     3                                  ; Начало процедуры
     4                                  ; parameters: eax, ebx, ecx, edx
     5                                  ; returns: eax
     6                                  my_proc:
     7 00000000 01D8                    	add eax, ebx
     8 00000002 01C8                    	add eax, ecx
     9 00000004 01D0                    	add eax, edx
    10 00000006 C3                      	ret
    11                                  ; Конец процедуры
    12                                  
    13                                  global _start
    14                                  _start:
    15                                  	; передача параметров через регистры
    16 00000007 B801000000              	mov eax, 1
    17 0000000C BB02000000              	mov ebx, 2
    18 00000011 B903000000              	mov ecx, 3
    19 00000016 BA04000000              	mov edx, 4
    20 0000001B E8E0FFFFFF              	call my_proc	; вызов процедуры
    21                                  	; анализ возвращаемого значения
    22 00000020 83F80A                  	cmp eax, 10
    23 00000023 7419                    	je end
    24                                  
    25                                  	; передача параметров через регистры
    26 00000025 B80A000000              	mov eax, 10
    27 0000002A BB14000000              	mov ebx, 20
    28 0000002F B91E000000              	mov ecx, 30
    29 00000034 BA28000000              	mov edx, 40
    30 00000039 E8C2FFFFFF              	call my_proc	; вызов процедуры
    31                                  	; анализ возвращаемого значения
    32                                  ;	cmp eax, 0
    33                                  ;	jcc ...
    34                                  
    35                                  end:
    36 0000003E B800000000              	mov eax, 0
    37 00000043 C3                      	ret
